[dotenv@17.2.3] injecting env (0) from .env -- tip: ΓÜÖ∩╕Å  override existing env vars with { override: true }
≡ƒöÑ Testing Joining Letter Template Rendering...

node : Γ¥î Test 
failed: 
MongooseError: The 
`uri` parameter to 
`openUri()` must be a 
string, got 
"undefined". Make 
sure the first 
parameter to 
`mongoose.connect()` 
or `mongoose.createCon
nection()` is a 
string.
At line:1 char:1
+ node backend/test_jo
ining_letter.js > back
end/test_output.log 
2>&1
+ ~~~~~~~~~~~~~~~~~~~~
~~~~~~~~~~~~~~~~~~~~~~
~~~~~~~~~~~~~~~~~~~~~~
~~
    + CategoryInfo    
          : NotSpeci  
  fied: (Γ¥î Test f   
 ailed...)` is a s    
tring.:String) []    
, RemoteException
    + FullyQualifiedE 
   rrorId : NativeCo  
  mmandError
 
    at NativeConnectio
n.createClient 
(C:\Users\Dharmik Jeth
wani\OneDrive\Desktop\
new\HRMS-SaaS-MERN\bac
kend\node_modules\mong
oose\lib\drivers\node-
mongodb-native\connect
ion.js:230:11)
    at NativeConnectio
n.openUri 
(C:\Users\Dharmik Jeth
wani\OneDrive\Desktop\
new\HRMS-SaaS-MERN\bac
kend\node_modules\mong
oose\lib\connection.js
:1075:34)
    at 
Mongoose.connect 
(C:\Users\Dharmik Jeth
wani\OneDrive\Desktop\
new\HRMS-SaaS-MERN\bac
kend\node_modules\mong
oose\lib\mongoose.js:4
51:15)
    at testJoiningLett
erTemplate 
(C:\Users\Dharmik Jeth
wani\OneDrive\Desktop\
new\HRMS-SaaS-MERN\bac
kend\test_joining_lett
er.js:15:24)
    at 
Object.<anonymous> 
(C:\Users\Dharmik Jeth
wani\OneDrive\Desktop\
new\HRMS-SaaS-MERN\bac
kend\test_joining_lett
er.js:220:1)
    at 
Module._compile (node:
internal/modules/cjs/l
oader:1730:14)
    at Object..js (nod
e:internal/modules/cjs
/loader:1895:10)
    at Module.load (no
de:internal/modules/cj
s/loader:1465:32)
    at Function._load 
(node:internal/modules
/cjs/loader:1282:12)
    at TracingChannel.
traceSync (node:diagno
stics_channel:322:14)
